test_images/aug_80_flip_h_brightness.jpg test_labels/aug_80_flip_h_brightness.jpg
test_images/aug_81_brightness_flip_h_rotate.jpg test_labels/aug_81_brightness_flip_h_rotate.jpg
test_images/aug_82_brightness_noise_rotate.jpg test_labels/aug_82_brightness_noise_rotate.jpg
test_images/aug_83_rotate_flip_h_noise.jpg test_labels/aug_83_rotate_flip_h_noise.jpg
test_images/aug_84_noise_flip_h.jpg test_labels/aug_84_noise_flip_h.jpg
test_images/aug_85_brightness_flip_h.jpg test_labels/aug_85_brightness_flip_h.jpg
test_images/aug_86_noise_rotate_filter.jpg test_labels/aug_86_noise_rotate_filter.jpg
test_images/aug_87_brightness_flip_h.jpg test_labels/aug_87_brightness_flip_h.jpg
test_images/aug_88_brightness_flip_h.jpg test_labels/aug_88_brightness_flip_h.jpg
test_images/aug_89_flip_h_noise.jpg test_labels/aug_89_flip_h_noise.jpg
test_images/aug_90_filter_flip_h_brightness.jpg test_labels/aug_90_filter_flip_h_brightness.jpg
test_images/aug_91_flip_h_flip_v_rotate.jpg test_labels/aug_91_flip_h_flip_v_rotate.jpg
test_images/aug_92_rotate_filter.jpg test_labels/aug_92_rotate_filter.jpg
test_images/aug_93_flip_v_flip_h.jpg test_labels/aug_93_flip_v_flip_h.jpg
test_images/aug_94_filter_rotate_brightness.jpg test_labels/aug_94_filter_rotate_brightness.jpg
test_images/aug_95_rotate_noise_brightness.jpg test_labels/aug_95_rotate_noise_brightness.jpg
test_images/aug_96_noise_rotate.jpg test_labels/aug_96_noise_rotate.jpg
test_images/aug_97_filter_rotate.jpg test_labels/aug_97_filter_rotate.jpg
test_images/aug_98_flip_h_brightness_rotate.jpg test_labels/aug_98_flip_h_brightness_rotate.jpg
test_images/aug_99_noise_filter_flip_v.jpg test_labels/aug_99_noise_filter_flip_v.jpg
test_images/test_challenging_gradient_illumination_2.jpg test_labels/test_challenging_gradient_illumination_2.jpg
test_images/test_challenging_gradual_transition_3.jpg test_labels/test_challenging_gradual_transition_3.jpg
