images/original.jpg labels/original.jpg
images/aug_0_brightness_filter_flip_h.jpg labels/aug_0_brightness_filter_flip_h.jpg
images/aug_1_rotate_filter_brightness.jpg labels/aug_1_rotate_filter_brightness.jpg
images/aug_2_flip_h_brightness_flip_v.jpg labels/aug_2_flip_h_brightness_flip_v.jpg
images/aug_3_brightness_filter.jpg labels/aug_3_brightness_filter.jpg
images/aug_4_flip_v_noise.jpg labels/aug_4_flip_v_noise.jpg
images/aug_5_flip_v_flip_h.jpg labels/aug_5_flip_v_flip_h.jpg
images/aug_6_flip_v_flip_h.jpg labels/aug_6_flip_v_flip_h.jpg
images/aug_7_rotate_flip_v.jpg labels/aug_7_rotate_flip_v.jpg
images/aug_8_flip_v_filter_brightness.jpg labels/aug_8_flip_v_filter_brightness.jpg
images/aug_9_flip_v_noise_flip_h.jpg labels/aug_9_flip_v_noise_flip_h.jpg
images/aug_10_flip_v_flip_h.jpg labels/aug_10_flip_v_flip_h.jpg
images/aug_11_rotate_flip_v_flip_h.jpg labels/aug_11_rotate_flip_v_flip_h.jpg
images/aug_12_flip_v_rotate_flip_h.jpg labels/aug_12_flip_v_rotate_flip_h.jpg
images/aug_13_flip_h_filter_brightness.jpg labels/aug_13_flip_h_filter_brightness.jpg
images/aug_14_rotate_noise.jpg labels/aug_14_rotate_noise.jpg
images/aug_15_filter_rotate_flip_h.jpg labels/aug_15_filter_rotate_flip_h.jpg
images/aug_16_filter_brightness.jpg labels/aug_16_filter_brightness.jpg
images/aug_17_flip_h_flip_v.jpg labels/aug_17_flip_h_flip_v.jpg
images/aug_18_filter_flip_v_brightness.jpg labels/aug_18_filter_flip_v_brightness.jpg
images/aug_19_rotate_brightness_flip_v.jpg labels/aug_19_rotate_brightness_flip_v.jpg
images/aug_20_flip_v_brightness_noise.jpg labels/aug_20_flip_v_brightness_noise.jpg
images/aug_21_brightness_noise_filter.jpg labels/aug_21_brightness_noise_filter.jpg
images/aug_22_filter_flip_h.jpg labels/aug_22_filter_flip_h.jpg
images/aug_23_flip_v_flip_h.jpg labels/aug_23_flip_v_flip_h.jpg
images/aug_24_flip_h_rotate.jpg labels/aug_24_flip_h_rotate.jpg
images/aug_25_flip_h_noise_brightness.jpg labels/aug_25_flip_h_noise_brightness.jpg
images/aug_26_filter_rotate.jpg labels/aug_26_filter_rotate.jpg
images/aug_27_filter_flip_h.jpg labels/aug_27_filter_flip_h.jpg
images/aug_28_flip_v_flip_h.jpg labels/aug_28_flip_v_flip_h.jpg
images/aug_29_noise_filter_flip_v.jpg labels/aug_29_noise_filter_flip_v.jpg
images/aug_30_noise_flip_v_filter.jpg labels/aug_30_noise_flip_v_filter.jpg
images/aug_31_rotate_flip_h.jpg labels/aug_31_rotate_flip_h.jpg
images/aug_32_rotate_noise_flip_v.jpg labels/aug_32_rotate_noise_flip_v.jpg
images/aug_33_noise_filter.jpg labels/aug_33_noise_filter.jpg
images/aug_34_filter_rotate_flip_h.jpg labels/aug_34_filter_rotate_flip_h.jpg
images/aug_35_brightness_flip_v.jpg labels/aug_35_brightness_flip_v.jpg
images/aug_36_flip_v_rotate_filter.jpg labels/aug_36_flip_v_rotate_filter.jpg
images/aug_37_filter_brightness.jpg labels/aug_37_filter_brightness.jpg
images/aug_38_rotate_noise.jpg labels/aug_38_rotate_noise.jpg
images/aug_39_rotate_noise_brightness.jpg labels/aug_39_rotate_noise_brightness.jpg
images/aug_40_flip_h_brightness.jpg labels/aug_40_flip_h_brightness.jpg
images/aug_41_flip_v_noise.jpg labels/aug_41_flip_v_noise.jpg
images/aug_42_rotate_brightness_flip_v.jpg labels/aug_42_rotate_brightness_flip_v.jpg
images/aug_43_flip_h_noise.jpg labels/aug_43_flip_h_noise.jpg
images/aug_44_rotate_brightness.jpg labels/aug_44_rotate_brightness.jpg
images/aug_45_filter_flip_v_brightness.jpg labels/aug_45_filter_flip_v_brightness.jpg
images/aug_46_brightness_rotate.jpg labels/aug_46_brightness_rotate.jpg
images/aug_47_flip_h_filter_noise.jpg labels/aug_47_flip_h_filter_noise.jpg
images/aug_48_brightness_rotate_flip_v.jpg labels/aug_48_brightness_rotate_flip_v.jpg
images/aug_49_noise_brightness.jpg labels/aug_49_noise_brightness.jpg
images/aug_50_filter_flip_h_flip_v.jpg labels/aug_50_filter_flip_h_flip_v.jpg
images/aug_51_filter_brightness_flip_h.jpg labels/aug_51_filter_brightness_flip_h.jpg
images/aug_52_flip_v_brightness.jpg labels/aug_52_flip_v_brightness.jpg
images/aug_53_rotate_flip_v_brightness.jpg labels/aug_53_rotate_flip_v_brightness.jpg
images/aug_54_rotate_flip_v.jpg labels/aug_54_rotate_flip_v.jpg
images/aug_55_noise_brightness_rotate.jpg labels/aug_55_noise_brightness_rotate.jpg
images/aug_56_rotate_filter_flip_h.jpg labels/aug_56_rotate_filter_flip_h.jpg
images/aug_57_flip_h_brightness_noise.jpg labels/aug_57_flip_h_brightness_noise.jpg
images/aug_58_brightness_flip_v.jpg labels/aug_58_brightness_flip_v.jpg
images/aug_59_filter_brightness_noise.jpg labels/aug_59_filter_brightness_noise.jpg
images/aug_60_noise_brightness.jpg labels/aug_60_noise_brightness.jpg
images/aug_61_flip_h_flip_v.jpg labels/aug_61_flip_h_flip_v.jpg
images/aug_62_brightness_rotate_flip_v.jpg labels/aug_62_brightness_rotate_flip_v.jpg
images/aug_63_brightness_flip_v_rotate.jpg labels/aug_63_brightness_flip_v_rotate.jpg
images/aug_64_flip_h_rotate_filter.jpg labels/aug_64_flip_h_rotate_filter.jpg
images/aug_65_brightness_flip_h.jpg labels/aug_65_brightness_flip_h.jpg
images/aug_66_rotate_brightness.jpg labels/aug_66_rotate_brightness.jpg
images/aug_67_brightness_noise.jpg labels/aug_67_brightness_noise.jpg
images/aug_68_flip_h_noise.jpg labels/aug_68_flip_h_noise.jpg
images/aug_69_flip_h_filter.jpg labels/aug_69_flip_h_filter.jpg
images/aug_70_noise_flip_v_flip_h.jpg labels/aug_70_noise_flip_v_flip_h.jpg
images/aug_71_brightness_flip_v_filter.jpg labels/aug_71_brightness_flip_v_filter.jpg
images/aug_72_brightness_filter.jpg labels/aug_72_brightness_filter.jpg
images/aug_73_flip_v_rotate.jpg labels/aug_73_flip_v_rotate.jpg
images/aug_74_rotate_brightness.jpg labels/aug_74_rotate_brightness.jpg
images/aug_75_flip_h_flip_v_brightness.jpg labels/aug_75_flip_h_flip_v_brightness.jpg
images/aug_76_brightness_flip_h_noise.jpg labels/aug_76_brightness_flip_h_noise.jpg
images/aug_77_flip_h_filter_flip_v.jpg labels/aug_77_flip_h_filter_flip_v.jpg
images/aug_78_filter_flip_v_noise.jpg labels/aug_78_filter_flip_v_noise.jpg
images/aug_79_filter_brightness.jpg labels/aug_79_filter_brightness.jpg
images/train_challenging_low_contrast_0.jpg labels/train_challenging_low_contrast_0.jpg
images/train_challenging_noisy_edges_1.jpg labels/train_challenging_noisy_edges_1.jpg
images/train_challenging_complex_texture_2.jpg labels/train_challenging_complex_texture_2.jpg
images/train_challenging_partial_occlusion_3.jpg labels/train_challenging_partial_occlusion_3.jpg
